Waiting until element is visible